Archive member included to satisfy reference by file (symbol)

D:/VXL/STM32CubeIDE_1.16.0/STM32CubeIDE/plugins/com.st.stm32cube.ide.mcu.externaltools.gnu-tools-for-stm32.12.3.rel1.win32_1.0.200.202406191623/tools/bin/../lib/gcc/arm-none-eabi/12.3.1/../../../../arm-none-eabi/lib/thumb/v7-m/nofp\libc_nano.a(libc_a-exit.o)
                              D:/VXL/STM32CubeIDE_1.16.0/STM32CubeIDE/plugins/com.st.stm32cube.ide.mcu.externaltools.gnu-tools-for-stm32.12.3.rel1.win32_1.0.200.202406191623/tools/bin/../lib/gcc/arm-none-eabi/12.3.1/../../../../arm-none-eabi/lib/thumb/v7-m/nofp/crt0.o (exit)
D:/VXL/STM32CubeIDE_1.16.0/STM32CubeIDE/plugins/com.st.stm32cube.ide.mcu.externaltools.gnu-tools-for-stm32.12.3.rel1.win32_1.0.200.202406191623/tools/bin/../lib/gcc/arm-none-eabi/12.3.1/../../../../arm-none-eabi/lib/thumb/v7-m/nofp\libc_nano.a(libc_a-findfp.o)
                              D:/VXL/STM32CubeIDE_1.16.0/STM32CubeIDE/plugins/com.st.stm32cube.ide.mcu.externaltools.gnu-tools-for-stm32.12.3.rel1.win32_1.0.200.202406191623/tools/bin/../lib/gcc/arm-none-eabi/12.3.1/../../../../arm-none-eabi/lib/thumb/v7-m/nofp\libc_nano.a(libc_a-exit.o) (__stdio_exit_handler)
D:/VXL/STM32CubeIDE_1.16.0/STM32CubeIDE/plugins/com.st.stm32cube.ide.mcu.externaltools.gnu-tools-for-stm32.12.3.rel1.win32_1.0.200.202406191623/tools/bin/../lib/gcc/arm-none-eabi/12.3.1/../../../../arm-none-eabi/lib/thumb/v7-m/nofp\libc_nano.a(libc_a-fwalk.o)
                              D:/VXL/STM32CubeIDE_1.16.0/STM32CubeIDE/plugins/com.st.stm32cube.ide.mcu.externaltools.gnu-tools-for-stm32.12.3.rel1.win32_1.0.200.202406191623/tools/bin/../lib/gcc/arm-none-eabi/12.3.1/../../../../arm-none-eabi/lib/thumb/v7-m/nofp\libc_nano.a(libc_a-findfp.o) (_fwalk_sglue)
D:/VXL/STM32CubeIDE_1.16.0/STM32CubeIDE/plugins/com.st.stm32cube.ide.mcu.externaltools.gnu-tools-for-stm32.12.3.rel1.win32_1.0.200.202406191623/tools/bin/../lib/gcc/arm-none-eabi/12.3.1/../../../../arm-none-eabi/lib/thumb/v7-m/nofp\libc_nano.a(libc_a-stdio.o)
                              D:/VXL/STM32CubeIDE_1.16.0/STM32CubeIDE/plugins/com.st.stm32cube.ide.mcu.externaltools.gnu-tools-for-stm32.12.3.rel1.win32_1.0.200.202406191623/tools/bin/../lib/gcc/arm-none-eabi/12.3.1/../../../../arm-none-eabi/lib/thumb/v7-m/nofp\libc_nano.a(libc_a-findfp.o) (__sread)
D:/VXL/STM32CubeIDE_1.16.0/STM32CubeIDE/plugins/com.st.stm32cube.ide.mcu.externaltools.gnu-tools-for-stm32.12.3.rel1.win32_1.0.200.202406191623/tools/bin/../lib/gcc/arm-none-eabi/12.3.1/../../../../arm-none-eabi/lib/thumb/v7-m/nofp\libc_nano.a(libc_a-memset.o)
                              D:/VXL/STM32CubeIDE_1.16.0/STM32CubeIDE/plugins/com.st.stm32cube.ide.mcu.externaltools.gnu-tools-for-stm32.12.3.rel1.win32_1.0.200.202406191623/tools/bin/../lib/gcc/arm-none-eabi/12.3.1/../../../../arm-none-eabi/lib/thumb/v7-m/nofp/crt0.o (memset)
D:/VXL/STM32CubeIDE_1.16.0/STM32CubeIDE/plugins/com.st.stm32cube.ide.mcu.externaltools.gnu-tools-for-stm32.12.3.rel1.win32_1.0.200.202406191623/tools/bin/../lib/gcc/arm-none-eabi/12.3.1/../../../../arm-none-eabi/lib/thumb/v7-m/nofp\libc_nano.a(libc_a-closer.o)
                              D:/VXL/STM32CubeIDE_1.16.0/STM32CubeIDE/plugins/com.st.stm32cube.ide.mcu.externaltools.gnu-tools-for-stm32.12.3.rel1.win32_1.0.200.202406191623/tools/bin/../lib/gcc/arm-none-eabi/12.3.1/../../../../arm-none-eabi/lib/thumb/v7-m/nofp\libc_nano.a(libc_a-stdio.o) (_close_r)
D:/VXL/STM32CubeIDE_1.16.0/STM32CubeIDE/plugins/com.st.stm32cube.ide.mcu.externaltools.gnu-tools-for-stm32.12.3.rel1.win32_1.0.200.202406191623/tools/bin/../lib/gcc/arm-none-eabi/12.3.1/../../../../arm-none-eabi/lib/thumb/v7-m/nofp\libc_nano.a(libc_a-reent.o)
                              D:/VXL/STM32CubeIDE_1.16.0/STM32CubeIDE/plugins/com.st.stm32cube.ide.mcu.externaltools.gnu-tools-for-stm32.12.3.rel1.win32_1.0.200.202406191623/tools/bin/../lib/gcc/arm-none-eabi/12.3.1/../../../../arm-none-eabi/lib/thumb/v7-m/nofp\libc_nano.a(libc_a-closer.o) (errno)
D:/VXL/STM32CubeIDE_1.16.0/STM32CubeIDE/plugins/com.st.stm32cube.ide.mcu.externaltools.gnu-tools-for-stm32.12.3.rel1.win32_1.0.200.202406191623/tools/bin/../lib/gcc/arm-none-eabi/12.3.1/../../../../arm-none-eabi/lib/thumb/v7-m/nofp\libc_nano.a(libc_a-impure.o)
                              D:/VXL/STM32CubeIDE_1.16.0/STM32CubeIDE/plugins/com.st.stm32cube.ide.mcu.externaltools.gnu-tools-for-stm32.12.3.rel1.win32_1.0.200.202406191623/tools/bin/../lib/gcc/arm-none-eabi/12.3.1/../../../../arm-none-eabi/lib/thumb/v7-m/nofp\libc_nano.a(libc_a-reent.o) (_impure_ptr)
D:/VXL/STM32CubeIDE_1.16.0/STM32CubeIDE/plugins/com.st.stm32cube.ide.mcu.externaltools.gnu-tools-for-stm32.12.3.rel1.win32_1.0.200.202406191623/tools/bin/../lib/gcc/arm-none-eabi/12.3.1/../../../../arm-none-eabi/lib/thumb/v7-m/nofp\libc_nano.a(libc_a-lseekr.o)
[...]
Memory Configuration

Name             Origin             Length             Attributes
RAM              0x20000000         0x00002800         xrw
FLASH            0x08000000         0x00008000         xr
*default*        0x00000000         0xffffffff

Linker script and memory map

LOAD D:/VXL/STM32CubeIDE_1.16.0/STM32CubeIDE/plugins/com.st.stm32cube.ide.mcu.externaltools.gnu-tools-for-stm32.12.3.rel1.win32_1.0.200.202406191623/tools/bin/../lib/gcc/arm-none-eabi/12.3.1/thumb/v7-m/nofp/crti.o
LOAD D:/VXL/STM32CubeIDE_1.16.0/STM32CubeIDE/plugins/com.st.stm32cube.ide.mcu.externaltools.gnu-tools-for-stm32.12.3.rel1.win32_1.0.200.202406191623/tools/bin/../lib/gcc/arm-none-eabi/12.3.1/thumb/v7-m/nofp/crtbegin.o
LOAD D:/VXL/STM32CubeIDE_1.16.0/STM32CubeIDE/plugins/com.st.stm32cube.ide.mcu.externaltools.gnu-tools-for-stm32.12.3.rel1.win32_1.0.200.202406191623/tools/bin/../lib/gcc/arm-none-eabi/12.3.1/../../../../arm-none-eabi/lib/thumb/v7-m/nofp/crt0.o
LOAD ./Core/Src/main.o
LOAD ./Core/Src/stm32f1xx_hal_msp.o
LOAD ./Core/Src/stm32f1xx_it.o
LOAD ./Core/Src/syscalls.o
LOAD ./Core/Src/sysmem.o
LOAD ./Core/Src/system_stm32f1xx.o
LOAD ./Core/Startup/startup_stm32f103c6ux.o
LOAD ./Drivers/STM32F1xx_HAL_Driver/Src/stm32f1xx_hal.o
LOAD ./Drivers/STM32F1xx_HAL_Driver/Src/stm32f1xx_hal_cortex.o
LOAD ./Drivers/STM32F1xx_HAL_Driver/Src/stm32f1xx_hal_dma.o
LOAD ./Drivers/STM32F1xx_HAL_Driver/Src/stm32f1xx_hal_exti.o
LOAD ./Drivers/STM32F1xx_HAL_Driver/Src/stm32f1xx_hal_flash.o
LOAD ./Drivers/STM32F1xx_HAL_Driver/Src/stm32f1xx_hal_flash_ex.o
LOAD ./Drivers/STM32F1xx_HAL_Driver/Src/stm32f1xx_hal_gpio.o
LOAD ./Drivers/STM32F1xx_HAL_Driver/Src/stm32f1xx_hal_gpio_ex.o
LOAD ./Drivers/STM32F1xx_HAL_Driver/Src/stm32f1xx_hal_pwr.o
LOAD ./Drivers/STM32F1xx_HAL_Driver/Src/stm32f1xx_hal_rcc.o
LOAD ./Drivers/STM32F1xx_HAL_Driver/Src/stm32f1xx_hal_rcc_ex.o
LOAD ./Drivers/STM32F1xx_HAL_Driver/Src/stm32f1xx_hal_tim.o
LOAD ./Drivers/STM32F1xx_HAL_Driver/Src/stm32f1xx_hal_tim_ex.o
START GROUP
LOAD D:/VXL/STM32CubeIDE_1.16.0/STM32CubeIDE/plugins/com.st.stm32cube.ide.mcu.externaltools.gnu-tools-for-stm32.12.3.rel1.win32_1.0.200.202406191623/tools/bin/../lib/gcc/arm-none-eabi/12.3.1/../../../../arm-none-eabi/lib/thumb/v7-m/nofp\libc_nano.a
LOAD D:/VXL/STM32CubeIDE_1.16.0/STM32CubeIDE/plugins/com.st.stm32cube.ide.mcu.externaltools.gnu-tools-for-stm32.12.3.rel1.win32_1.0.200.202406191623/tools/bin/../lib/gcc/arm-none-eabi/12.3.1/../../../../arm-none-eabi/lib/thumb/v7-m/nofp\libm.a
END GROUP
START GROUP
LOAD D:/VXL/STM32CubeIDE_1.16.0/STM32CubeIDE/plugins/com.st.stm32cube.ide.mcu.externaltools.gnu-tools-for-stm32.12.3.rel1.win32_1.0.200.202406191623/tools/bin/../lib/gcc/arm-none-eabi/12.3.1/thumb/v7-m/nofp\libgcc.a
LOAD D:/VXL/STM32CubeIDE_1.16.0/STM32CubeIDE/plugins/com.st.stm32cube.ide.mcu.externaltools.gnu-tools-for-stm32.12.3.rel1.win32_1.0.200.202406191623/tools/bin/../lib/gcc/arm-none-eabi/12.3.1/../../../../arm-none-eabi/lib/thumb/v7-m/nofp\libc_nano.a
END GROUP
START GROUP
LOAD D:/VXL/STM32CubeIDE_1.16.0/STM32CubeIDE/plugins/com.st.stm32cube.ide.mcu.externaltools.gnu-tools-for-stm32.12.3.rel1.win32_1.0.200.202406191623/tools/bin/../lib/gcc/arm-none-eabi/12.3.1/thumb/v7-m/nofp\libgcc.a
LOAD D:/VXL/STM32CubeIDE_1.16.0/STM32CubeIDE/plugins/com.st.stm32cube.ide.mcu.externaltools.gnu-tools-for-stm32.12.3.rel1.win32_1.0.200.202406191623/tools/bin/../lib/gcc/arm-none-eabi/12.3.1/../../../../arm-none-eabi/lib/thumb/v7-m/nofp\libc_nano.a
LOAD D:/VXL/STM32CubeIDE_1.16.0/STM32CubeIDE/plugins/com.st.stm32cube.ide.mcu.externaltools.gnu-tools-for-stm32.12.3.rel1.win32_1.0.200.202406191623/tools/bin/../lib/gcc/arm-none-eabi/12.3.1/../../../../arm-none-eabi/lib/thumb/v7-m/nofp\libnosys.a
END GROUP
START GROUP
LOAD D:/VXL/STM32CubeIDE_1.16.0/STM32CubeIDE/plugins/com.st.stm32cube.ide.mcu.externaltools.gnu-tools-for-stm32.12.3.rel1.win32_1.0.200.202406191623/tools/bin/../lib/gcc/arm-none-eabi/12.3.1/thumb/v7-m/nofp\libgcc.a
LOAD D:/VXL/STM32CubeIDE_1.16.0/STM32CubeIDE/plugins/com.st.stm32cube.ide.mcu.externaltools.gnu-tools-for-stm32.12.3.rel1.win32_1.0.200.202406191623/tools/bin/../lib/gcc/arm-none-eabi/12.3.1/../../../../arm-none-eabi/lib/thumb/v7-m/nofp\libc_nano.a
LOAD D:/VXL/STM32CubeIDE_1.16.0/STM32CubeIDE/plugins/com.st.stm32cube.ide.mcu.externaltools.gnu-tools-for-stm32.12.3.rel1.win32_1.0.200.202406191623/tools/bin/../lib/gcc/arm-none-eabi/12.3.1/../../../../arm-none-eabi/lib/thumb/v7-m/nofp\libnosys.a
END GROUP
LOAD D:/VXL/STM32CubeIDE_1.16.0/STM32CubeIDE/plugins/com.st.stm32cube.ide.mcu.externaltools.gnu-tools-for-stm32.12.3.rel1.win32_1.0.200.202406191623/tools/bin/../lib/gcc/arm-none-eabi/12.3.1/thumb/v7-m/nofp/crtend.o
LOAD D:/VXL/STM32CubeIDE_1.16.0/STM32CubeIDE/plugins/com.st.stm32cube.ide.mcu.externaltools.gnu-tools-for-stm32.12.3.rel1.win32_1.0.200.202406191623/tools/bin/../lib/gcc/arm-none-eabi/12.3.1/thumb/v7-m/nofp/crtn.o
                0x20002800                        _estack = (ORIGIN (RAM) + LENGTH (RAM))
                0x00000200                        _Min_Heap_Size = 0x200
                0x00000400                        _Min_Stack_Size = 0x400

.isr_vector     0x08000000      0x10c
                0x08000000                        . = ALIGN (0x4)
 *(.isr_vector)
 .isr_vector    0x08000000      0x10c ./Core/Startup/startup_stm32f103c6ux.o
                0x08000000                g_pfnVectors
                0x0800010c                        . = ALIGN (0x4)

.text           0x0800010c     0x1a94
                0x0800010c                        . = ALIGN (0x4)
 *(.text)
 .text          0x0800010c       0x40 D:/VXL/STM32CubeIDE_1.16.0/STM32CubeIDE/plugins/com.st.stm32cube.ide.mcu.externaltools.gnu-tools-for-stm32.12.3.rel1.win32_1.0.200.202406191623/tools/bin/../lib/gcc/arm-none-eabi/12.3.1/thumb/v7-m/nofp/crtbegin.o
 *(.text*)
 .text.set_timer
                0x0800014c       0x40 ./Core/Src/main.o
                0x0800014c                set_timer
 .text.timer_run
                0x0800018c       0x60 ./Core/Src/main.o
                0x0800018c                timer_run
 .text.main     0x080001ec       0x4c ./Core/Src/main.o
                0x080001ec                main
 .text.SystemClock_Config
                0x08000238       0x76 ./Core/Src/main.o
                0x08000238                SystemClock_Config
 *fill*         0x080002ae        0x2 
 .text.MX_TIM2_Init
                0x080002b0       0x98 ./Core/Src/main.o
 .text.MX_GPIO_Init
                0x08000348       0xa8 ./Core/Src/main.o
 .text.HAL_TIM_PeriodElapsedCallback
                0x080003f0       0x14 ./Core/Src/main.o
                0x080003f0                HAL_TIM_PeriodElapsedCallback
 .text.Error_Handler
                0x08000404        0xc ./Core/Src/main.o
                0x08000404                Error_Handler
 .text.HAL_MspInit
                0x08000410       0x64 ./Core/Src/stm32f1xx_hal_msp.o
                0x08000410                HAL_MspInit
 .text.HAL_TIM_Base_MspInit
                0x08000474       0x48 ./Core/Src/stm32f1xx_hal_msp.o
                0x08000474                HAL_TIM_Base_MspInit
 .text.NMI_Handler
                0x080004bc        0x8 ./Core/Src/stm32f1xx_it.o
                0x080004bc                NMI_Handler
 .text.HardFault_Handler
                0x080004c4        0x8 ./Core/Src/stm32f1xx_it.o
                0x080004c4                HardFault_Handler
 .text.MemManage_Handler
                0x080004cc        0x8 ./Core/Src/stm32f1xx_it.o
                0x080004cc                MemManage_Handler
 .text.BusFault_Handler
                0x080004d4        0x8 ./Core/Src/stm32f1xx_it.o
                0x080004d4                BusFault_Handler
 .text.UsageFault_Handler
                0x080004dc        0x8 ./Core/Src/stm32f1xx_it.o
                0x080004dc                UsageFault_Handler
 .text.SVC_Handler
                0x080004e4        0xc ./Core/Src/stm32f1xx_it.o
                0x080004e4                SVC_Handler
 .text.DebugMon_Handler
                0x080004f0        0xc ./Core/Src/stm32f1xx_it.o
                0x080004f0                DebugMon_Handler
 .text.PendSV_Handler
                0x080004fc        0xc ./Core/Src/stm32f1xx_it.o
                0x080004fc                PendSV_Handler
 .text.SysTick_Handler
                0x08000508        0xc ./Core/Src/stm32f1xx_it.o
                0x08000508                SysTick_Handler
 .text.TIM2_IRQHandler
                0x08000514       0x14 ./Core/Src/stm32f1xx_it.o
                0x08000514                TIM2_IRQHandler
 .text.SystemInit
                0x08000528        0xc ./Core/Src/system_stm32f1xx.o
                0x08000528                SystemInit
 .text.Reset_Handler
                0x08000534       0x48 ./Core/Startup/startup_stm32f103c6ux.o
                0x08000534                Reset_Handler
 .text.Default_Handler
                0x0800057c        0x2 ./Core/Startup/startup_stm32f103c6ux.o
                0x0800057c                RTC_Alarm_IRQHandler
                0x0800057c                EXTI2_IRQHandler
                0x0800057c                TIM1_CC_IRQHandler
                0x0800057c                PVD_IRQHandler
                0x0800057c                EXTI3_IRQHandler
                0x0800057c                EXTI0_IRQHandler
                0x0800057c                ADC1_2_IRQHandler
                0x0800057c                SPI1_IRQHandler
                0x0800057c                TAMPER_IRQHandler
                0x0800057c                DMA1_Channel4_IRQHandler
                0x0800057c                RTC_IRQHandler
                0x0800057c                DMA1_Channel7_IRQHandler
                0x0800057c                CAN1_RX1_IRQHandler
                0x0800057c                I2C1_EV_IRQHandler
                0x0800057c                DMA1_Channel6_IRQHandler
                0x0800057c                TIM3_IRQHandler
                0x0800057c                RCC_IRQHandler
                0x0800057c                TIM1_TRG_COM_IRQHandler
                0x0800057c                DMA1_Channel1_IRQHandler
                0x0800057c                Default_Handler
                0x0800057c                EXTI15_10_IRQHandler
                0x0800057c                EXTI9_5_IRQHandler
                0x0800057c                DMA1_Channel5_IRQHandler
                0x0800057c                EXTI4_IRQHandler
                0x0800057c                USB_LP_CAN1_RX0_IRQHandler
                0x0800057c                USB_HP_CAN1_TX_IRQHandler
                0x0800057c                DMA1_Channel3_IRQHandler
                0x0800057c                TIM1_UP_IRQHandler
                0x0800057c                WWDG_IRQHandler
                0x0800057c                TIM1_BRK_IRQHandler
                0x0800057c                EXTI1_IRQHandler
                0x0800057c                USART2_IRQHandler
                0x0800057c                DMA1_Channel2_IRQHandler
                0x0800057c                CAN1_SCE_IRQHandler
                0x0800057c                FLASH_IRQHandler
                0x0800057c                USART1_IRQHandler
                0x0800057c                I2C1_ER_IRQHandler
                0x0800057c                USBWakeUp_IRQHandler
 *fill*         0x0800057e        0x2 
 .text.HAL_Init
                0x08000580       0x2c ./Drivers/STM32F1xx_HAL_Driver/Src/stm32f1xx_hal.o
                0x08000580                HAL_Init
 .text.HAL_InitTick
                0x080005ac       0x60 ./Drivers/STM32F1xx_HAL_Driver/Src/stm32f1xx_hal.o
                0x080005ac                HAL_InitTick
 .text.HAL_IncTick
                0x0800060c       0x24 ./Drivers/STM32F1xx_HAL_Driver/Src/stm32f1xx_hal.o
                0x0800060c                HAL_IncTick
 .text.HAL_GetTick
                0x08000630       0x14 ./Drivers/STM32F1xx_HAL_Driver/Src/stm32f1xx_hal.o
                0x08000630                HAL_GetTick
 .text.__NVIC_SetPriorityGrouping
                0x08000644       0x48 ./Drivers/STM32F1xx_HAL_Driver/Src/stm32f1xx_hal_cortex.o
 .text.__NVIC_GetPriorityGrouping
                0x0800068c       0x1c ./Drivers/STM32F1xx_HAL_Driver/Src/stm32f1xx_hal_cortex.o
 .text.__NVIC_EnableIRQ
                0x080006a8       0x38 ./Drivers/STM32F1xx_HAL_Driver/Src/stm32f1xx_hal_cortex.o
 .text.__NVIC_SetPriority
                0x080006e0       0x54 ./Drivers/STM32F1xx_HAL_Driver/Src/stm32f1xx_hal_cortex.o
 .text.NVIC_EncodePriority
                0x08000734       0x64 ./Drivers/STM32F1xx_HAL_Driver/Src/stm32f1xx_hal_cortex.o
 .text.SysTick_Config
                0x08000798       0x44 ./Drivers/STM32F1xx_HAL_Driver/Src/stm32f1xx_hal_cortex.o
 .text.HAL_NVIC_SetPriorityGrouping
                0x080007dc       0x16 ./Drivers/STM32F1xx_HAL_Driver/Src/stm32f1xx_hal_cortex.o
                0x080007dc                HAL_NVIC_SetPriorityGrouping
 .text.HAL_NVIC_SetPriority
                0x080007f2       0x38 ./Drivers/STM32F1xx_HAL_Driver/Src/stm32f1xx_hal_cortex.o
                0x080007f2                HAL_NVIC_SetPriority
 .text.HAL_NVIC_EnableIRQ
                0x0800082a       0x1c ./Drivers/STM32F1xx_HAL_Driver/Src/stm32f1xx_hal_cortex.o
                0x0800082a                HAL_NVIC_EnableIRQ
 .text.HAL_SYSTICK_Config
                0x08000846       0x18 ./Drivers/STM32F1xx_HAL_Driver/Src/stm32f1xx_hal_cortex.o
                0x08000846                HAL_SYSTICK_Config
 *fill*         0x0800085e        0x2 
 .text.HAL_GPIO_Init
                0x08000860      0x2f8 ./Drivers/STM32F1xx_HAL_Driver/Src/stm32f1xx_hal_gpio.o
                0x08000860                HAL_GPIO_Init
 .text.HAL_GPIO_WritePin
                0x08000b58       0x30 ./Drivers/STM32F1xx_HAL_Driver/Src/stm32f1xx_hal_gpio.o
                0x08000b58                HAL_GPIO_WritePin
 .text.HAL_GPIO_TogglePin
                0x08000b88       0x32 ./Drivers/STM32F1xx_HAL_Driver/Src/stm32f1xx_hal_gpio.o
                0x08000b88                HAL_GPIO_TogglePin
 *fill*         0x08000bba        0x2 
 .text.HAL_RCC_OscConfig
                0x08000bbc      0x504 ./Drivers/STM32F1xx_HAL_Driver/Src/stm32f1xx_hal_rcc.o
                0x08000bbc                HAL_RCC_OscConfig
 .text.HAL_RCC_ClockConfig
                0x080010c0      0x1d4 ./Drivers/STM32F1xx_HAL_Driver/Src/stm32f1xx_hal_rcc.o
                0x080010c0                HAL_RCC_ClockConfig
 .text.HAL_RCC_GetSysClockFreq
                0x08001294       0xa8 ./Drivers/STM32F1xx_HAL_Driver/Src/stm32f1xx_hal_rcc.o
                0x08001294                HAL_RCC_GetSysClockFreq
 .text.RCC_Delay
                0x0800133c       0x3c ./Drivers/STM32F1xx_HAL_Driver/Src/stm32f1xx_hal_rcc.o
 .text.HAL_TIM_Base_Init
                0x08001378       0x9e ./Drivers/STM32F1xx_HAL_Driver/Src/stm32f1xx_hal_tim.o
                0x08001378                HAL_TIM_Base_Init
 *fill*         0x08001416        0x2 
 .text.HAL_TIM_Base_Start_IT
                0x08001418       0x98 ./Drivers/STM32F1xx_HAL_Driver/Src/stm32f1xx_hal_tim.o
                0x08001418                HAL_TIM_Base_Start_IT
 .text.HAL_TIM_IRQHandler
                0x080014b0      0x1e0 ./Drivers/STM32F1xx_HAL_Driver/Src/stm32f1xx_hal_tim.o
                0x080014b0                HAL_TIM_IRQHandler
 .text.HAL_TIM_ConfigClockSource
                0x08001690      0x18e ./Drivers/STM32F1xx_HAL_Driver/Src/stm32f1xx_hal_tim.o
                0x08001690                HAL_TIM_ConfigClockSource
 .text.HAL_TIM_OC_DelayElapsedCallback
                0x0800181e       0x12 ./Drivers/STM32F1xx_HAL_Driver/Src/stm32f1xx_hal_tim.o
                0x0800181e                HAL_TIM_OC_DelayElapsedCallback
 .text.HAL_TIM_IC_CaptureCallback
                0x08001830       0x12 ./Drivers/STM32F1xx_HAL_Driver/Src/stm32f1xx_hal_tim.o
                0x08001830                HAL_TIM_IC_CaptureCallback
 .text.HAL_TIM_PWM_PulseFinishedCallback
                0x08001842       0x12 ./Drivers/STM32F1xx_HAL_Driver/Src/stm32f1xx_hal_tim.o
                0x08001842                HAL_TIM_PWM_PulseFinishedCallback
 .text.HAL_TIM_TriggerCallback
                0x08001854       0x12 ./Drivers/STM32F1xx_HAL_Driver/Src/stm32f1xx_hal_tim.o
                0x08001854                HAL_TIM_TriggerCallback
 *fill*         0x08001866        0x2 
 .text.TIM_Base_SetConfig
                0x08001868       0xc8 ./Drivers/STM32F1xx_HAL_Driver/Src/stm32f1xx_hal_tim.o
                0x08001868                TIM_Base_SetConfig
 .text.TIM_TI1_ConfigInputStage
                0x08001930       0x5c ./Drivers/STM32F1xx_HAL_Driver/Src/stm32f1xx_hal_tim.o
 .text.TIM_TI2_ConfigInputStage
                0x0800198c       0x5e ./Drivers/STM32F1xx_HAL_Driver/Src/stm32f1xx_hal_tim.o
 .text.TIM_ITRx_SetConfig
                0x080019ea       0x34 ./Drivers/STM32F1xx_HAL_Driver/Src/stm32f1xx_hal_tim.o
 .text.TIM_ETR_SetConfig
                0x08001a1e       0x3e ./Drivers/STM32F1xx_HAL_Driver/Src/stm32f1xx_hal_tim.o
                0x08001a1e                TIM_ETR_SetConfig
 .text.HAL_TIMEx_MasterConfigSynchronization
                0x08001a5c       0xb0 ./Drivers/STM32F1xx_HAL_Driver/Src/stm32f1xx_hal_tim_ex.o
                0x08001a5c                HAL_TIMEx_MasterConfigSynchronization
 .text.HAL_TIMEx_CommutCallback
                0x08001b0c       0x12 ./Drivers/STM32F1xx_HAL_Driver/Src/stm32f1xx_hal_tim_ex.o
                0x08001b0c                HAL_TIMEx_CommutCallback
 .text.HAL_TIMEx_BreakCallback
                0x08001b1e       0x12 ./Drivers/STM32F1xx_HAL_Driver/Src/stm32f1xx_hal_tim_ex.o
                0x08001b1e                HAL_TIMEx_BreakCallback
 .text.memset   0x08001b30       0x10 D:/VXL/STM32CubeIDE_1.16.0/STM32CubeIDE/plugins/com.st.stm32cube.ide.mcu.externaltools.gnu-tools-for-stm32.12.3.rel1.win32_1.0.200.202406191623/tools/bin/../lib/gcc/arm-none-eabi/12.3.1/../../../../arm-none-eabi/lib/thumb/v7-m/nofp\libc_nano.a(libc_a-memset.o)
                0x08001b30                memset
 .text.__libc_init_array
                0x08001b40       0x48 D:/VXL/STM32CubeIDE_1.16.0/STM32CubeIDE/plugins/com.st.stm32cube.ide.mcu.externaltools.gnu-tools-for-stm32.12.3.rel1.win32_1.0.200.202406191623/tools/bin/../lib/gcc/arm-none-eabi/12.3.1/../../../../arm-none-eabi/lib/thumb/v7-m/nofp\libc_nano.a(libc_a-init.o)
                0x08001b40                __libc_init_array
 *(.glue_7)
 .glue_7        0x08001b88        0x0 linker stubs
 *(.glue_7t)
 .glue_7t       0x08001b88        0x0 linker stubs
 *(.eh_frame)
 .eh_frame      0x08001b88        0x0 D:/VXL/STM32CubeIDE_1.16.0/STM32CubeIDE/plugins/com.st.stm32cube.ide.mcu.externaltools.gnu-tools-for-stm32.12.3.rel1.win32_1.0.200.202406191623/tools/bin/../lib/gcc/arm-none-eabi/12.3.1/thumb/v7-m/nofp/crtbegin.o
 *(.init)
 .init          0x08001b88        0x4 D:/VXL/STM32CubeIDE_1.16.0/STM32CubeIDE/plugins/com.st.stm32cube.ide.mcu.externaltools.gnu-tools-for-stm32.12.3.rel1.win32_1.0.200.202406191623/tools/bin/../lib/gcc/arm-none-eabi/12.3.1/thumb/v7-m/nofp/crti.o
                0x08001b88                _init
 .init          0x08001b8c        0x8 D:/VXL/STM32CubeIDE_1.16.0/STM32CubeIDE/plugins/com.st.stm32cube.ide.mcu.externaltools.gnu-tools-for-stm32.12.3.rel1.win32_1.0.200.202406191623/tools/bin/../lib/gcc/arm-none-eabi/12.3.1/thumb/v7-m/nofp/crtn.o
 *(.fini)
 .fini          0x08001b94        0x4 D:/VXL/STM32CubeIDE_1.16.0/STM32CubeIDE/plugins/com.st.stm32cube.ide.mcu.externaltools.gnu-tools-for-stm32.12.3.rel1.win32_1.0.200.202406191623/tools/bin/../lib/gcc/arm-none-eabi/12.3.1/thumb/v7-m/nofp/crti.o
                0x08001b94                _fini
 .fini          0x08001b98        0x8 D:/VXL/STM32CubeIDE_1.16.0/STM32CubeIDE/plugins/com.st.stm32cube.ide.mcu.externaltools.gnu-tools-for-stm32.12.3.rel1.win32_1.0.200.202406191623/tools/bin/../lib/gcc/arm-none-eabi/12.3.1/thumb/v7-m/nofp/crtn.o
                0x08001ba0                        . = ALIGN (0x4)
                0x08001ba0                        _etext = .

.vfp11_veneer   0x08001ba0        0x0
 .vfp11_veneer  0x08001ba0        0x0 linker stubs

.v4_bx          0x08001ba0        0x0
 .v4_bx         0x08001ba0        0x0 linker stubs

.iplt           0x08001ba0        0x0
 .iplt          0x08001ba0        0x0 D:/VXL/STM32CubeIDE_1.16.0/STM32CubeIDE/plugins/com.st.stm32cube.ide.mcu.externaltools.gnu-tools-for-stm32.12.3.rel1.win32_1.0.200.202406191623/tools/bin/../lib/gcc/arm-none-eabi/12.3.1/thumb/v7-m/nofp/crtbegin.o

.rodata         0x08001ba0       0x24
                0x08001ba0                        . = ALIGN (0x4)
 *(.rodata)
 *(.rodata*)
 .rodata.AHBPrescTable
                0x08001ba0       0x10 ./Core/Src/system_stm32f1xx.o
                0x08001ba0                AHBPrescTable
 .rodata.aPLLMULFactorTable.1
                0x08001bb0       0x10 ./Drivers/STM32F1xx_HAL_Driver/Src/stm32f1xx_hal_rcc.o
 .rodata.aPredivFactorTable.0
                0x08001bc0        0x2 ./Drivers/STM32F1xx_HAL_Driver/Src/stm32f1xx_hal_rcc.o
                0x08001bc4                        . = ALIGN (0x4)
 *fill*         0x08001bc2        0x2 

.ARM.extab      0x08001bc4        0x0
                0x08001bc4                        . = ALIGN (0x4)
 *(.ARM.extab* .gnu.linkonce.armextab.*)
                0x08001bc4                        . = ALIGN (0x4)

.ARM            0x08001bc4        0x0
                0x08001bc4                        . = ALIGN (0x4)
                0x08001bc4                        __exidx_start = .
 *(.ARM.exidx*)
                0x08001bc4                        __exidx_end = .
                0x08001bc4                        . = ALIGN (0x4)

.preinit_array  0x08001bc4        0x0
                0x08001bc4                        . = ALIGN (0x4)
                0x08001bc4                        PROVIDE (__preinit_array_start = .)
 *(.preinit_array*)
                0x08001bc4                        PROVIDE (__preinit_array_end = .)
                0x08001bc4                        . = ALIGN (0x4)

.init_array     0x08001bc4        0x4
                0x08001bc4                        . = ALIGN (0x4)
                0x08001bc4                        PROVIDE (__init_array_start = .)
 *(SORT_BY_NAME(.init_array.*))
 *(.init_array*)
 .init_array    0x08001bc4        0x4 D:/VXL/STM32CubeIDE_1.16.0/STM32CubeIDE/plugins/com.st.stm32cube.ide.mcu.externaltools.gnu-tools-for-stm32.12.3.rel1.win32_1.0.200.202406191623/tools/bin/../lib/gcc/arm-none-eabi/12.3.1/thumb/v7-m/nofp/crtbegin.o
                0x08001bc8                        PROVIDE (__init_array_end = .)
                0x08001bc8                        . = ALIGN (0x4)

.fini_array     0x08001bc8        0x4
                0x08001bc8                        . = ALIGN (0x4)
                [!provide]                        PROVIDE (__fini_array_start = .)
 *(SORT_BY_NAME(.fini_array.*))
 *(.fini_array*)
 .fini_array    0x08001bc8        0x4 D:/VXL/STM32CubeIDE_1.16.0/STM32CubeIDE/plugins/com.st.stm32cube.ide.mcu.externaltools.gnu-tools-for-stm32.12.3.rel1.win32_1.0.200.202406191623/tools/bin/../lib/gcc/arm-none-eabi/12.3.1/thumb/v7-m/nofp/crtbegin.o
                [!provide]                        PROVIDE (__fini_array_end = .)
                0x08001bcc                        . = ALIGN (0x4)
                0x08001bcc                        _sidata = LOADADDR (.data)

.rel.dyn        0x08001bcc        0x0
 .rel.iplt      0x08001bcc        0x0 D:/VXL/STM32CubeIDE_1.16.0/STM32CubeIDE/plugins/com.st.stm32cube.ide.mcu.externaltools.gnu-tools-for-stm32.12.3.rel1.win32_1.0.200.202406191623/tools/bin/../lib/gcc/arm-none-eabi/12.3.1/thumb/v7-m/nofp/crtbegin.o

.data           0x20000000        0xc load address 0x08001bcc
                0x20000000                        . = ALIGN (0x4)
                0x20000000                        _sdata = .
 *(.data)
 *(.data*)
 .data.SystemCoreClock
                0x20000000        0x4 ./Core/Src/system_stm32f1xx.o
                0x20000000                SystemCoreClock
 .data.uwTickPrio
                0x20000004        0x4 ./Drivers/STM32F1xx_HAL_Driver/Src/stm32f1xx_hal.o
                0x20000004                uwTickPrio
 .data.uwTickFreq
                0x20000008        0x1 ./Drivers/STM32F1xx_HAL_Driver/Src/stm32f1xx_hal.o
                0x20000008                uwTickFreq
 *(.RamFunc)
 *(.RamFunc*)
                0x2000000c                        . = ALIGN (0x4)
 *fill*         0x20000009        0x3 
                0x2000000c                        _edata = .

.igot.plt       0x2000000c        0x0 load address 0x08001bd8
 .igot.plt      0x2000000c        0x0 D:/VXL/STM32CubeIDE_1.16.0/STM32CubeIDE/plugins/com.st.stm32cube.ide.mcu.externaltools.gnu-tools-for-stm32.12.3.rel1.win32_1.0.200.202406191623/tools/bin/../lib/gcc/arm-none-eabi/12.3.1/thumb/v7-m/nofp/crtbegin.o
                0x2000000c                        . = ALIGN (0x4)

.bss            0x2000000c       0xb8 load address 0x08001bd8
                0x2000000c                        _sbss = .
                0x2000000c                        __bss_start__ = _sbss
 *(.bss)
 .bss           0x2000000c       0x1c D:/VXL/STM32CubeIDE_1.16.0/STM32CubeIDE/plugins/com.st.stm32cube.ide.mcu.externaltools.gnu-tools-for-stm32.12.3.rel1.win32_1.0.200.202406191623/tools/bin/../lib/gcc/arm-none-eabi/12.3.1/thumb/v7-m/nofp/crtbegin.o
 *(.bss*)
 .bss.htim2     0x20000028       0x48 ./Core/Src/main.o
                0x20000028                htim2
 .bss.timer_flag
                0x20000070       0x28 ./Core/Src/main.o
                0x20000070                timer_flag
 .bss.timer_counter
                0x20000098       0x28 ./Core/Src/main.o
                0x20000098                timer_counter
 .bss.uwTick    0x200000c0        0x4 ./Drivers/STM32F1xx_HAL_Driver/Src/stm32f1xx_hal.o
                0x200000c0                uwTick
 *(COMMON)
                0x200000c4                        . = ALIGN (0x4)
                0x200000c4                        _ebss = .
                0x200000c4                        __bss_end__ = _ebss

._user_heap_stack
                0x200000c4      0x604 load address 0x08001bd8
                0x200000c8                        . = ALIGN (0x8)
 *fill*         0x200000c4        0x4 
                [!provide]                        PROVIDE (end = .)
                0x200000c8                        PROVIDE (_end = .)
                0x200002c8                        . = (. + _Min_Heap_Size)
 *fill*         0x200000c8      0x200 
                0x200006c8                        . = (. + _Min_Stack_Size)
 *fill*         0x200002c8      0x400 
                0x200006c8                        . = ALIGN (0x8)

/DISCARD/
 libc.a(*)
 libm.a(*)
 libgcc.a(*)

.ARM.attributes
                0x00000000       0x29
 *(.ARM.attributes)
 .ARM.attributes
                0x00000000       0x1d D:/VXL/STM32CubeIDE_1.16.0/STM32CubeIDE/plugins/com.st.stm32cube.ide.mcu.externaltools.gnu-tools-for-stm32.12.3.rel1.win32_1.0.200.202406191623/tools/bin/../lib/gcc/arm-none-eabi/12.3.1/thumb/v7-m/nofp/crti.o
 .ARM.attributes
                0x0000001d       0x2d D:/VXL/STM32CubeIDE_1.16.0/STM32CubeIDE/plugins/com.st.stm32cube.ide.mcu.externaltools.gnu-tools-for-stm32.12.3.rel1.win32_1.0.200.202406191623/tools/bin/../lib/gcc/arm-none-eabi/12.3.1/thumb/v7-m/nofp/crtbegin.o
 .ARM.attributes
                0x0000004a       0x2d ./Core/Src/main.o
 .ARM.attributes
                0x00000077       0x2d ./Core/Src/stm32f1xx_hal_msp.o
 .ARM.attributes
                0x000000a4       0x2d ./Core/Src/stm32f1xx_it.o
 .ARM.attributes
                0x000000d1       0x2d ./Core/Src/system_stm32f1xx.o
 .ARM.attributes
                0x000000fe       0x21 ./Core/Startup/startup_stm32f103c6ux.o
 .ARM.attributes
                0x0000011f       0x2d ./Drivers/STM32F1xx_HAL_Driver/Src/stm32f1xx_hal.o
 .ARM.attributes
                0x0000014c       0x2d ./Drivers/STM32F1xx_HAL_Driver/Src/stm32f1xx_hal_cortex.o
 .ARM.attributes
                0x00000179       0x2d ./Drivers/STM32F1xx_HAL_Driver/Src/stm32f1xx_hal_gpio.o
 .ARM.attributes
                0x000001a6       0x2d ./Drivers/STM32F1xx_HAL_Driver/Src/stm32f1xx_hal_rcc.o
 .ARM.attributes
                0x000001d3       0x2d ./Drivers/STM32F1xx_HAL_Driver/Src/stm32f1xx_hal_tim.o
 .ARM.attributes
                0x00000200       0x2d ./Drivers/STM32F1xx_HAL_Driver/Src/stm32f1xx_hal_tim_ex.o
 .ARM.attributes
                0x0000022d       0x2d D:/VXL/STM32CubeIDE_1.16.0/STM32CubeIDE/plugins/com.st.stm32cube.ide.mcu.externaltools.gnu-tools-for-stm32.12.3.rel1.win32_1.0.200.202406191623/tools/bin/../lib/gcc/arm-none-eabi/12.3.1/../../../../arm-none-eabi/lib/thumb/v7-m/nofp\libc_nano.a(libc_a-memset.o)
 .ARM.attributes
                0x0000025a       0x2d D:/VXL/STM32CubeIDE_1.16.0/STM32CubeIDE/plugins/com.st.stm32cube.ide.mcu.externaltools.gnu-tools-for-stm32.12.3.rel1.win32_1.0.200.202406191623/tools/bin/../lib/gcc/arm-none-eabi/12.3.1/../../../../arm-none-eabi/lib/thumb/v7-m/nofp\libc_nano.a(libc_a-init.o)
 .ARM.attributes
                0x00000287       0x1d D:/VXL/STM32CubeIDE_1.16.0/STM32CubeIDE/plugins/com.st.stm32cube.ide.mcu.externaltools.gnu-tools-for-stm32.12.3.rel1.win32_1.0.200.202406191623/tools/bin/../lib/gcc/arm-none-eabi/12.3.1/thumb/v7-m/nofp/crtn.o
OUTPUT(L2_E6.elf elf32-littlearm)
LOAD linker stubs
LOAD D:/VXL/STM32CubeIDE_1.16.0/STM32CubeIDE/plugins/com.st.stm32cube.ide.mcu.externaltools.gnu-tools-for-stm32.12.3.rel1.win32_1.0.200.202406191623/tools/bin/../lib/gcc/arm-none-eabi/12.3.1/../../../../arm-none-eabi/lib/thumb/v7-m/nofp\libc.a
LOAD D:/VXL/STM32CubeIDE_1.16.0/STM32CubeIDE/plugins/com.st.stm32cube.ide.mcu.externaltools.gnu-tools-for-stm32.12.3.rel1.win32_1.0.200.202406191623/tools/bin/../lib/gcc/arm-none-eabi/12.3.1/../../../../arm-none-eabi/lib/thumb/v7-m/nofp\libm.a
LOAD D:/VXL/STM32CubeIDE_1.16.0/STM32CubeIDE/plugins/com.st.stm32cube.ide.mcu.externaltools.gnu-tools-for-stm32.12.3.rel1.win32_1.0.200.202406191623/tools/bin/../lib/gcc/arm-none-eabi/12.3.1/thumb/v7-m/nofp\libgcc.a

.debug_info     0x00000000     0x7ae0
 .debug_info    0x00000000      0xc10 ./Core/Src/main.o
 .debug_info    0x00000c10      0x91a ./Core/Src/stm32f1xx_hal_msp.o
 .debug_info    0x0000152a      0x6a1 ./Core/Src/stm32f1xx_it.o
 .debug_info    0x00001bcb      0x222 ./Core/Src/system_stm32f1xx.o
 .debug_info    0x00001ded       0x30 ./Core/Startup/startup_stm32f103c6ux.o
 .debug_info    0x00001e1d      0x6e6 ./Drivers/STM32F1xx_HAL_Driver/Src/stm32f1xx_hal.o
 .debug_info    0x00002503      0xa69 ./Drivers/STM32F1xx_HAL_Driver/Src/stm32f1xx_hal_cortex.o
 .debug_info    0x00002f6c      0x5ab ./Drivers/STM32F1xx_HAL_Driver/Src/stm32f1xx_hal_gpio.o
 .debug_info    0x00003517      0x7d5 ./Drivers/STM32F1xx_HAL_Driver/Src/stm32f1xx_hal_rcc.o
 .debug_info    0x00003cec     0x2959 ./Drivers/STM32F1xx_HAL_Driver/Src/stm32f1xx_hal_tim.o
 .debug_info    0x00006645     0x149b ./Drivers/STM32F1xx_HAL_Driver/Src/stm32f1xx_hal_tim_ex.o

.debug_abbrev   0x00000000     0x1605
 .debug_abbrev  0x00000000      0x2f5 ./Core/Src/main.o
 .debug_abbrev  0x000002f5      0x1ad ./Core/Src/stm32f1xx_hal_msp.o
 .debug_abbrev  0x000004a2      0x191 ./Core/Src/stm32f1xx_it.o
 .debug_abbrev  0x00000633      0x13f ./Core/Src/system_stm32f1xx.o
 .debug_abbrev  0x00000772       0x24 ./Core/Startup/startup_stm32f103c6ux.o
 .debug_abbrev  0x00000796      0x201 ./Drivers/STM32F1xx_HAL_Driver/Src/stm32f1xx_hal.o
 .debug_abbrev  0x00000997      0x2f8 ./Drivers/STM32F1xx_HAL_Driver/Src/stm32f1xx_hal_cortex.o
 .debug_abbrev  0x00000c8f      0x1ca ./Drivers/STM32F1xx_HAL_Driver/Src/stm32f1xx_hal_gpio.o
 .debug_abbrev  0x00000e59      0x2b3 ./Drivers/STM32F1xx_HAL_Driver/Src/stm32f1xx_hal_rcc.o
 .debug_abbrev  0x0000110c      0x277 ./Drivers/STM32F1xx_HAL_Driver/Src/stm32f1xx_hal_tim.o
 .debug_abbrev  0x00001383      0x282 ./Drivers/STM32F1xx_HAL_Driver/Src/stm32f1xx_hal_tim_ex.o

.debug_aranges  0x00000000      0x948
 .debug_aranges
                0x00000000       0x60 ./Core/Src/main.o
 .debug_aranges
                0x00000060       0x30 ./Core/Src/stm32f1xx_hal_msp.o
 .debug_aranges
                0x00000090       0x68 ./Core/Src/stm32f1xx_it.o
 .debug_aranges
                0x000000f8       0x28 ./Core/Src/system_stm32f1xx.o
 .debug_aranges
                0x00000120       0x28 ./Core/Startup/startup_stm32f103c6ux.o
 .debug_aranges
                0x00000148       0xe0 ./Drivers/STM32F1xx_HAL_Driver/Src/stm32f1xx_hal.o
 .debug_aranges
                0x00000228      0x100 ./Drivers/STM32F1xx_HAL_Driver/Src/stm32f1xx_hal_cortex.o
 .debug_aranges
                0x00000328       0x58 ./Drivers/STM32F1xx_HAL_Driver/Src/stm32f1xx_hal_gpio.o
 .debug_aranges
                0x00000380       0x90 ./Drivers/STM32F1xx_HAL_Driver/Src/stm32f1xx_hal_rcc.o
 .debug_aranges
                0x00000410      0x3d0 ./Drivers/STM32F1xx_HAL_Driver/Src/stm32f1xx_hal_tim.o
 .debug_aranges
                0x000007e0      0x168 ./Drivers/STM32F1xx_HAL_Driver/Src/stm32f1xx_hal_tim_ex.o

.debug_rnglists
                0x00000000      0x728
 .debug_rnglists
                0x00000000       0x45 ./Core/Src/main.o
 .debug_rnglists
                0x00000045       0x1f ./Core/Src/stm32f1xx_hal_msp.o
 .debug_rnglists
                0x00000064       0x49 ./Core/Src/stm32f1xx_it.o
 .debug_rnglists
                0x000000ad       0x1a ./Core/Src/system_stm32f1xx.o
 .debug_rnglists
                0x000000c7       0x19 ./Core/Startup/startup_stm32f103c6ux.o
 .debug_rnglists
                0x000000e0       0xa3 ./Drivers/STM32F1xx_HAL_Driver/Src/stm32f1xx_hal.o
 .debug_rnglists
                0x00000183       0xbb ./Drivers/STM32F1xx_HAL_Driver/Src/stm32f1xx_hal_cortex.o
 .debug_rnglists
                0x0000023e       0x3f ./Drivers/STM32F1xx_HAL_Driver/Src/stm32f1xx_hal_gpio.o
 .debug_rnglists
                0x0000027d       0x6c ./Drivers/STM32F1xx_HAL_Driver/Src/stm32f1xx_hal_rcc.o
 .debug_rnglists
                0x000002e9      0x31a ./Drivers/STM32F1xx_HAL_Driver/Src/stm32f1xx_hal_tim.o
 .debug_rnglists
                0x00000603      0x125 ./Drivers/STM32F1xx_HAL_Driver/Src/stm32f1xx_hal_tim_ex.o

.debug_macro    0x00000000    0x162b7
 .debug_macro   0x00000000      0x1ac ./Core/Src/main.o
 .debug_macro   0x000001ac      0xaa8 ./Core/Src/main.o
 .debug_macro   0x00000c54      0x215 ./Core/Src/main.o
 .debug_macro   0x00000e69       0x2e ./Core/Src/main.o
 .debug_macro   0x00000e97       0x22 ./Core/Src/main.o
 .debug_macro   0x00000eb9       0x22 ./Core/Src/main.o
 .debug_macro   0x00000edb       0x8e ./Core/Src/main.o
 .debug_macro   0x00000f69       0x51 ./Core/Src/main.o
 .debug_macro   0x00000fba      0x103 ./Core/Src/main.o
 .debug_macro   0x000010bd       0x6a ./Core/Src/main.o
 .debug_macro   0x00001127      0x1df ./Core/Src/main.o
 .debug_macro   0x00001306       0x1c ./Core/Src/main.o
 .debug_macro   0x00001322       0x22 ./Core/Src/main.o
 .debug_macro   0x00001344       0xbd ./Core/Src/main.o
 .debug_macro   0x00001401      0xd23 ./Core/Src/main.o
 .debug_macro   0x00002124     0xde75 ./Core/Src/main.o
 .debug_macro   0x0000ff99       0x6d ./Core/Src/main.o
 .debug_macro   0x00010006     0x34a2 ./Core/Src/main.o
 .debug_macro   0x000134a8      0x189 ./Core/Src/main.o
 .debug_macro   0x00013631       0x5c ./Core/Src/main.o
 .debug_macro   0x0001368d      0x5bc ./Core/Src/main.o
 .debug_macro   0x00013c49      0x1b7 ./Core/Src/main.o
 .debug_macro   0x00013e00      0x1cb ./Core/Src/main.o
 .debug_macro   0x00013fcb      0x114 ./Core/Src/main.o
 .debug_macro   0x000140df      0x1b2 ./Core/Src/main.o
 .debug_macro   0x00014291       0x27 ./Core/Src/main.o
 .debug_macro   0x000142b8      0x12f ./Core/Src/main.o
 .debug_macro   0x000143e7      0x1bc ./Core/Src/main.o
 .debug_macro   0x000145a3       0x34 ./Core/Src/main.o
 .debug_macro   0x000145d7       0x3c ./Core/Src/main.o
 .debug_macro   0x00014613       0x57 ./Core/Src/main.o
 .debug_macro   0x0001466a       0x87 ./Core/Src/main.o
 .debug_macro   0x000146f1      0x183 ./Core/Src/main.o
 .debug_macro   0x00014874      0x140 ./Core/Src/main.o
 .debug_macro   0x000149b4      0x8ed ./Core/Src/main.o
 .debug_macro   0x000152a1       0x69 ./Core/Src/main.o
 .debug_macro   0x0001530a       0x94 ./Core/Src/main.o
 .debug_macro   0x0001539e      0x1a6 ./Core/Src/stm32f1xx_hal_msp.o
 .debug_macro   0x00015544      0x1b0 ./Core/Src/stm32f1xx_it.o
 .debug_macro   0x000156f4      0x197 ./Core/Src/system_stm32f1xx.o
 .debug_macro   0x0001588b      0x1bb ./Drivers/STM32F1xx_HAL_Driver/Src/stm32f1xx_hal.o
 .debug_macro   0x00015a46      0x197 ./Drivers/STM32F1xx_HAL_Driver/Src/stm32f1xx_hal_cortex.o
 .debug_macro   0x00015bdd      0x202 ./Drivers/STM32F1xx_HAL_Driver/Src/stm32f1xx_hal_gpio.o
 .debug_macro   0x00015ddf      0x1a9 ./Drivers/STM32F1xx_HAL_Driver/Src/stm32f1xx_hal_rcc.o
 .debug_macro   0x00015f88      0x198 ./Drivers/STM32F1xx_HAL_Driver/Src/stm32f1xx_hal_tim.o
 .debug_macro   0x00016120      0x197 ./Drivers/STM32F1xx_HAL_Driver/Src/stm32f1xx_hal_tim_ex.o

.debug_line     0x00000000     0x9973
 .debug_line    0x00000000      0x878 ./Core/Src/main.o
 .debug_line    0x00000878      0x72d ./Core/Src/stm32f1xx_hal_msp.o
 .debug_line    0x00000fa5      0x7cb ./Core/Src/stm32f1xx_it.o
 .debug_line    0x00001770      0x76f ./Core/Src/system_stm32f1xx.o
 .debug_line    0x00001edf       0x78 ./Core/Startup/startup_stm32f103c6ux.o
 .debug_line    0x00001f57      0x99c ./Drivers/STM32F1xx_HAL_Driver/Src/stm32f1xx_hal.o
 .debug_line    0x000028f3      0xb88 ./Drivers/STM32F1xx_HAL_Driver/Src/stm32f1xx_hal_cortex.o
 .debug_line    0x0000347b      0xa20 ./Drivers/STM32F1xx_HAL_Driver/Src/stm32f1xx_hal_gpio.o
 .debug_line    0x00003e9b      0xda5 ./Drivers/STM32F1xx_HAL_Driver/Src/stm32f1xx_hal_rcc.o
 .debug_line    0x00004c40     0x3478 ./Drivers/STM32F1xx_HAL_Driver/Src/stm32f1xx_hal_tim.o
 .debug_line    0x000080b8     0x18bb ./Drivers/STM32F1xx_HAL_Driver/Src/stm32f1xx_hal_tim_ex.o

.debug_str      0x00000000    0x81f8f
 .debug_str     0x00000000    0x7fd36 ./Core/Src/main.o
                              0x80115 (size before relaxing)
 .debug_str     0x0007fd36      0x300 ./Core/Src/stm32f1xx_hal_msp.o
                              0x80073 (size before relaxing)
 .debug_str     0x00080036       0xec ./Core/Src/stm32f1xx_it.o
                              0x7fdae (size before relaxing)
 .debug_str     0x00080122       0x88 ./Core/Src/system_stm32f1xx.o
                              0x7f71b (size before relaxing)
 .debug_str     0x000801aa       0x44 ./Core/Startup/startup_stm32f103c6ux.o
                                 0x57 (size before relaxing)
 .debug_str     0x000801ee      0x38e ./Drivers/STM32F1xx_HAL_Driver/Src/stm32f1xx_hal.o
                              0x7fe14 (size before relaxing)
 .debug_str     0x0008057c      0x294 ./Drivers/STM32F1xx_HAL_Driver/Src/stm32f1xx_hal_cortex.o
                              0x7fd60 (size before relaxing)
 .debug_str     0x00080810      0x2e3 ./Drivers/STM32F1xx_HAL_Driver/Src/stm32f1xx_hal_gpio.o
                              0x7faa1 (size before relaxing)
 .debug_str     0x00080af3      0x229 ./Drivers/STM32F1xx_HAL_Driver/Src/stm32f1xx_hal_rcc.o
                              0x7fb4a (size before relaxing)
 .debug_str     0x00080d1c      0xde0 ./Drivers/STM32F1xx_HAL_Driver/Src/stm32f1xx_hal_tim.o
                              0x80b4c (size before relaxing)
 .debug_str     0x00081afc      0x493 ./Drivers/STM32F1xx_HAL_Driver/Src/stm32f1xx_hal_tim_ex.o
                              0x80358 (size before relaxing)

.comment        0x00000000       0x43
 .comment       0x00000000       0x43 ./Core/Src/main.o
                                 0x44 (size before relaxing)
 .comment       0x00000043       0x44 ./Core/Src/stm32f1xx_hal_msp.o
 .comment       0x00000043       0x44 ./Core/Src/stm32f1xx_it.o
 .comment       0x00000043       0x44 ./Core/Src/system_stm32f1xx.o
 .comment       0x00000043       0x44 ./Drivers/STM32F1xx_HAL_Driver/Src/stm32f1xx_hal.o
 .comment       0x00000043       0x44 ./Drivers/STM32F1xx_HAL_Driver/Src/stm32f1xx_hal_cortex.o
 .comment       0x00000043       0x44 ./Drivers/STM32F1xx_HAL_Driver/Src/stm32f1xx_hal_gpio.o
 .comment       0x00000043       0x44 ./Drivers/STM32F1xx_HAL_Driver/Src/stm32f1xx_hal_rcc.o
 .comment       0x00000043       0x44 ./Drivers/STM32F1xx_HAL_Driver/Src/stm32f1xx_hal_tim.o
 .comment       0x00000043       0x44 ./Drivers/STM32F1xx_HAL_Driver/Src/stm32f1xx_hal_tim_ex.o

.debug_frame    0x00000000     0x2630
 .debug_frame   0x00000000      0x140 ./Core/Src/main.o
 .debug_frame   0x00000140       0x80 ./Core/Src/stm32f1xx_hal_msp.o
 .debug_frame   0x000001c0      0x120 ./Core/Src/stm32f1xx_it.o
 .debug_frame   0x000002e0       0x58 ./Core/Src/system_stm32f1xx.o
 .debug_frame   0x00000338      0x334 ./Drivers/STM32F1xx_HAL_Driver/Src/stm32f1xx_hal.o
 .debug_frame   0x0000066c      0x428 ./Drivers/STM32F1xx_HAL_Driver/Src/stm32f1xx_hal_cortex.o
 .debug_frame   0x00000a94      0x14c ./Drivers/STM32F1xx_HAL_Driver/Src/stm32f1xx_hal_gpio.o
 .debug_frame   0x00000be0      0x218 ./Drivers/STM32F1xx_HAL_Driver/Src/stm32f1xx_hal_rcc.o
 .debug_frame   0x00000df8     0x11b4 ./Drivers/STM32F1xx_HAL_Driver/Src/stm32f1xx_hal_tim.o
 .debug_frame   0x00001fac      0x638 ./Drivers/STM32F1xx_HAL_Driver/Src/stm32f1xx_hal_tim_ex.o
 .debug_frame   0x000025e4       0x20 D:/VXL/STM32CubeIDE_1.16.0/STM32CubeIDE/plugins/com.st.stm32cube.ide.mcu.externaltools.gnu-tools-for-stm32.12.3.rel1.win32_1.0.200.202406191623/tools/bin/../lib/gcc/arm-none-eabi/12.3.1/../../../../arm-none-eabi/lib/thumb/v7-m/nofp\libc_nano.a(libc_a-memset.o)
 .debug_frame   0x00002604       0x2c D:/VXL/STM32CubeIDE_1.16.0/STM32CubeIDE/plugins/com.st.stm32cube.ide.mcu.externaltools.gnu-tools-for-stm32.12.3.rel1.win32_1.0.200.202406191623/tools/bin/../lib/gcc/arm-none-eabi/12.3.1/../../../../arm-none-eabi/lib/thumb/v7-m/nofp\libc_nano.a(libc_a-init.o)

.debug_line_str
                0x00000000       0x3b
 .debug_line_str
                0x00000000       0x3b ./Core/Startup/startup_stm32f103c6ux.o
