../Core/Src/main.c:56:6:set_timer	16	static
../Core/Src/main.c:61:6:timer_run	16	static
../Core/Src/main.c:75:6:timer_isr	8	static
../Core/Src/main.c:79:6:display7SEG	16	static
../Core/Src/main.c:193:5:main	24	static
../Core/Src/main.c:313:6:SystemClock_Config	72	static
../Core/Src/main.c:350:13:MX_TIM2_Init	32	static
../Core/Src/main.c:395:13:MX_GPIO_Init	32	static
../Core/Src/main.c:436:6:HAL_TIM_PeriodElapsedCallback	16	static
../Core/Src/main.c:446:6:Error_Handler	4	static,ignoring_inline_asm
