../Core/Src/main.c:57:6:update7SEG	16	static
../Core/Src/main.c:98:6:display7SEG	16	static
../Core/Src/main.c:207:6:set_timer	16	static
../Core/Src/main.c:212:6:timer_run	16	static
../Core/Src/main.c:226:6:timer_isr	8	static
../Core/Src/main.c:270:8:updateClockBuffer	16	static
../Core/Src/main.c:241:5:main	24	static
../Core/Src/main.c:321:6:SystemClock_Config	72	static
../Core/Src/main.c:358:13:MX_TIM2_Init	32	static
../Core/Src/main.c:403:13:MX_GPIO_Init	32	static
../Core/Src/main.c:445:6:HAL_TIM_PeriodElapsedCallback	16	static
../Core/Src/main.c:461:6:Error_Handler	4	static,ignoring_inline_asm
